// Jest Snapshot v1, https://goo.gl/fbAQLP

exports[`Movies render 1`] = `
<li>
  <Link
    replace={false}
    to="/movies/undefined"
  >
    <img />
    <h3 />
    <p>
      Year made: 
    </p>
    <p>
       | IMDB ID: 
    </p>
  </Link>
</li>
`;
