// Jest Snapshot v1, https://goo.gl/fbAQLP

exports[`Details renders search details 1`] = `
<div>
  <Link
    replace={false}
    to="/search"
  >
    Search
  </Link>
  <pre />
</div>
`;
