// Jest Snapshot v1, https://goo.gl/fbAQLP

exports[`App no home test 1`] = `
<BrowserRouter>
  <div>
    <Header />
    <main>
      <Switch>
        <Route
          path="/movies/:id"
          render={[Function]}
        />
        <Route
          component={[Function]}
          exact={true}
          path="/"
        />
        <Route
          component={[Function]}
          path="/search"
        />
        <Redirect
          push={false}
          to="/"
        />
      </Switch>
    </main>
  </div>
</BrowserRouter>
`;

exports[`App with home 1`] = `
<BrowserRouter>
  <div>
    <Header />
    <main>
      <Switch>
        <Route
          path="/movies/:id"
          render={[Function]}
        />
        <Route
          component={[Function]}
          exact={true}
          path="/"
        />
        <Route
          component={[Function]}
          path="/search"
        />
        <Redirect
          push={false}
          to="/"
        />
      </Switch>
    </main>
  </div>
</BrowserRouter>
`;
